Traceback (most recent call last):
  File "/opt/anaconda3/lib/python3.12/urllib/request.py", line 1344, in do_open
    h.request(req.get_method(), req.selector, req.data, headers,
  File "/opt/anaconda3/lib/python3.12/http/client.py", line 1336, in request
    self._send_request(method, url, body, headers, encode_chunked)
  File "/opt/anaconda3/lib/python3.12/http/client.py", line 1382, in _send_request
    self.endheaders(body, encode_chunked=encode_chunked)
  File "/opt/anaconda3/lib/python3.12/http/client.py", line 1331, in endheaders
    self._send_output(message_body, encode_chunked=encode_chunked)
  File "/opt/anaconda3/lib/python3.12/http/client.py", line 1091, in _send_output
    self.send(msg)
  File "/opt/anaconda3/lib/python3.12/http/client.py", line 1035, in send
    self.connect()
  File "/opt/anaconda3/lib/python3.12/http/client.py", line 1001, in connect
    self.sock = self._create_connection(
                ^^^^^^^^^^^^^^^^^^^^^^^^
  File "/opt/anaconda3/lib/python3.12/socket.py", line 865, in create_connection
    raise exceptions[0]
  File "/opt/anaconda3/lib/python3.12/socket.py", line 850, in create_connection
    sock.connect(sa)
PermissionError: [Errno 1] Operation not permitted

During handling of the above exception, another exception occurred:

Traceback (most recent call last):
  File "/Users/usman/Documents/New project/src/autoquality/backends/ollama.py", line 64, in generate
    with urllib.request.urlopen(req, timeout=300) as resp:
         ^^^^^^^^^^^^^^^^^^^^^^^^^^^^^^^^^^^^^^^^
  File "/opt/anaconda3/lib/python3.12/urllib/request.py", line 215, in urlopen
    return opener.open(url, data, timeout)
           ^^^^^^^^^^^^^^^^^^^^^^^^^^^^^^^
  File "/opt/anaconda3/lib/python3.12/urllib/request.py", line 515, in open
    response = self._open(req, data)
               ^^^^^^^^^^^^^^^^^^^^^
  File "/opt/anaconda3/lib/python3.12/urllib/request.py", line 532, in _open
    result = self._call_chain(self.handle_open, protocol, protocol +
             ^^^^^^^^^^^^^^^^^^^^^^^^^^^^^^^^^^^^^^^^^^^^^^^^^^^^^^^
  File "/opt/anaconda3/lib/python3.12/urllib/request.py", line 492, in _call_chain
    result = func(*args)
             ^^^^^^^^^^^
  File "/opt/anaconda3/lib/python3.12/urllib/request.py", line 1373, in http_open
    return self.do_open(http.client.HTTPConnection, req)
           ^^^^^^^^^^^^^^^^^^^^^^^^^^^^^^^^^^^^^^^^^^^^^
  File "/opt/anaconda3/lib/python3.12/urllib/request.py", line 1347, in do_open
    raise URLError(err)
urllib.error.URLError: <urlopen error [Errno 1] Operation not permitted>

The above exception was the direct cause of the following exception:

Traceback (most recent call last):
  File "/Users/usman/Documents/New project/eval/humaneval_runner.py", line 424, in <module>
    main()
  File "/Users/usman/Documents/New project/eval/humaneval_runner.py", line 282, in main
    out = router.generate(prompt=model_prompt, max_tokens=args.max_tokens, temperature=args.temperature)
          ^^^^^^^^^^^^^^^^^^^^^^^^^^^^^^^^^^^^^^^^^^^^^^^^^^^^^^^^^^^^^^^^^^^^^^^^^^^^^^^^^^^^^^^^^^^^^^
  File "/Users/usman/Documents/New project/src/autoquality/router.py", line 71, in generate
    fast_out = fast_backend.generate(prompt=prompt, max_tokens=max_tokens, temperature=temperature)
               ^^^^^^^^^^^^^^^^^^^^^^^^^^^^^^^^^^^^^^^^^^^^^^^^^^^^^^^^^^^^^^^^^^^^^^^^^^^^^^^^^^^^
  File "/Users/usman/Documents/New project/src/autoquality/backends/ollama.py", line 82, in generate
    raise RuntimeError(
RuntimeError: Failed to call Ollama at localhost. Ensure Ollama is running (`ollama serve`) and the model name is correct.
